{
  "Entries": [
    {
      "RequestUri": "https://myregistry.azurecr.io/acr/v1/library%2Fhello-world/_tags/test1?api-version=2021-07-01",
      "RequestMethod": "GET",
      "RequestHeaders": {
        "Accept": "application/json",
        "Accept-Encoding": "gzip,deflate",
        "Connection": "keep-alive",
        "User-Agent": "azsdk-js-container-registry/1.1.0-beta.3 core-rest-pipeline/1.10.2 Node/v16.19.0 OS/(x64-Linux-5.10.102.1-microsoft-standard-WSL2)",
        "x-ms-client-request-id": "8cf8a259-ed66-40dc-8f50-cf6fff57f848"
      },
      "RequestBody": null,
      "StatusCode": 401,
      "ResponseHeaders": {
        "Access-Control-Expose-Headers": [
          "Docker-Content-Digest",
          "WWW-Authenticate",
          "Link",
          "X-Ms-Correlation-Request-Id"
        ],
        "Connection": "keep-alive",
        "Content-Length": "222",
        "Content-Type": "application/json; charset=utf-8",
        "Date": "Thu, 02 Mar 2023 23:16:54 GMT",
        "Docker-Distribution-Api-Version": "registry/2.0",
        "Server": "openresty",
        "Strict-Transport-Security": [
          "max-age=31536000; includeSubDomains",
          "max-age=31536000; includeSubDomains"
        ],
        "WWW-Authenticate": "Bearer realm=\u0022https://myregistry.azurecr.io/oauth2/token\u0022,service=\u0022myregistry.azurecr.io\u0022,scope=\u0022repository:library/hello-world:metadata_read\u0022",
        "X-Content-Type-Options": "nosniff",
        "X-Ms-Correlation-Request-Id": "3739d0fc-4233-45a6-90dc-7c6a292f883e"
      },
      "ResponseBody": {
        "errors": [
          {
            "code": "UNAUTHORIZED",
            "message": "authentication required, visit https://aka.ms/acr/authorization for more information.",
            "detail": [
              {
                "Type": "repository",
                "Name": "library/hello-world",
                "Action": "metadata_read"
              }
            ]
          }
        ]
      }
    },
    {
      "RequestUri": "https://myregistry.azurecr.io/oauth2/exchange?api-version=2021-07-01",
      "RequestMethod": "POST",
      "RequestHeaders": {
        "Accept": "application/json",
        "Accept-Encoding": "gzip,deflate",
        "Connection": "keep-alive",
        "Content-Length": "84",
        "Content-Type": "application/x-www-form-urlencoded",
        "User-Agent": "azsdk-js-container-registry/1.1.0-beta.3 core-rest-pipeline/1.10.2 Node/v16.19.0 OS/(x64-Linux-5.10.102.1-microsoft-standard-WSL2)",
        "x-ms-client-request-id": "8b90d605-c3d4-49e7-a847-8998dabaf40b"
      },
      "RequestBody": "grant_type=access_token\u0026service=myregistry.azurecr.io\u0026access_token=SecretPlaceholder",
      "StatusCode": 200,
      "ResponseHeaders": {
        "Connection": "keep-alive",
        "Content-Type": "application/json; charset=utf-8",
        "Date": "Thu, 02 Mar 2023 23:16:54 GMT",
        "Server": "openresty",
        "Strict-Transport-Security": "max-age=31536000; includeSubDomains",
        "Transfer-Encoding": "chunked",
        "X-Ms-Correlation-Request-Id": "457b1455-dcc3-41db-9fe3-c4184fc06123",
        "x-ms-ratelimit-remaining-calls-per-second": "166.316667"
      },
      "ResponseBody": {
        "refresh_token": "sanitized.eyJleHAiOjg2NDAwMDAwMDAwMDB9.sanitized"
      }
    },
    {
      "RequestUri": "https://myregistry.azurecr.io/oauth2/token?api-version=2021-07-01",
      "RequestMethod": "POST",
      "RequestHeaders": {
        "Accept": "application/json",
        "Accept-Encoding": "gzip,deflate",
        "Connection": "keep-alive",
        "Content-Length": "174",
        "Content-Type": "application/x-www-form-urlencoded",
        "User-Agent": "azsdk-js-container-registry/1.1.0-beta.3 core-rest-pipeline/1.10.2 Node/v16.19.0 OS/(x64-Linux-5.10.102.1-microsoft-standard-WSL2)",
        "x-ms-client-request-id": "aae36e87-00b2-4d61-b926-2b1e5c7fd38e"
      },
      "RequestBody": "service=myregistry.azurecr.io\u0026scope=repository%3Alibrary%2Fhello-world%3Ametadata_read\u0026refresh_token=sanitized.eyJleHAiOjg2NDAwMDAwMDAwMDB9.sanitized\u0026grant_type=refresh_token",
      "StatusCode": 200,
      "ResponseHeaders": {
        "Connection": "keep-alive",
        "Content-Type": "application/json; charset=utf-8",
        "Date": "Thu, 02 Mar 2023 23:16:54 GMT",
        "Server": "openresty",
        "Strict-Transport-Security": "max-age=31536000; includeSubDomains",
        "Transfer-Encoding": "chunked",
        "X-Ms-Correlation-Request-Id": "3b3f6841-738c-4d9c-b071-d761434ec0b1",
        "x-ms-ratelimit-remaining-calls-per-second": "166.3"
      },
      "ResponseBody": {
        "access_token": "Sanitized"
      }
    },
    {
      "RequestUri": "https://myregistry.azurecr.io/acr/v1/library%2Fhello-world/_tags/test1?api-version=2021-07-01",
      "RequestMethod": "GET",
      "RequestHeaders": {
        "Accept": "application/json",
        "Accept-Encoding": "gzip,deflate",
        "Authorization": "Sanitized",
        "Connection": "keep-alive",
        "User-Agent": "azsdk-js-container-registry/1.1.0-beta.3 core-rest-pipeline/1.10.2 Node/v16.19.0 OS/(x64-Linux-5.10.102.1-microsoft-standard-WSL2)",
        "x-ms-client-request-id": "8cf8a259-ed66-40dc-8f50-cf6fff57f848"
      },
      "RequestBody": null,
      "StatusCode": 200,
      "ResponseHeaders": {
        "Access-Control-Expose-Headers": [
          "Docker-Content-Digest",
          "WWW-Authenticate",
          "Link",
          "X-Ms-Correlation-Request-Id"
        ],
        "Connection": "keep-alive",
        "Content-Length": "389",
        "Content-Type": "application/json; charset=utf-8",
        "Date": "Thu, 02 Mar 2023 23:16:54 GMT",
        "Docker-Distribution-Api-Version": "registry/2.0",
        "Server": "openresty",
        "Strict-Transport-Security": [
          "max-age=31536000; includeSubDomains",
          "max-age=31536000; includeSubDomains"
        ],
        "X-Content-Type-Options": "nosniff",
        "X-Ms-Correlation-Request-Id": "b4d0ae31-90a4-418f-b4a1-fee6f897a2c5"
      },
      "ResponseBody": {
        "registry": "myregistry.azurecr.io",
        "imageName": "library/hello-world",
        "tag": {
          "name": "test1",
          "digest": "sha256:6e8b6f026e0b9c419ea0fd02d3905dd0952ad1feea67543f525c73a0a790fefb",
          "createdTime": "2023-02-28T18:36:41.1794832Z",
          "lastUpdateTime": "2023-02-28T18:36:41.1794832Z",
          "signed": false,
          "changeableAttributes": {
            "deleteEnabled": true,
            "writeEnabled": true,
            "readEnabled": true,
            "listEnabled": true
          }
        }
      }
    },
    {
      "RequestUri": "https://myregistry.azurecr.io/acr/v1/library%2Fhello-world/_manifests/sha256%3A6e8b6f026e0b9c419ea0fd02d3905dd0952ad1feea67543f525c73a0a790fefb?api-version=2021-07-01",
      "RequestMethod": "GET",
      "RequestHeaders": {
        "Accept": "application/json",
        "Accept-Encoding": "gzip,deflate",
        "Authorization": "Sanitized",
        "Connection": "keep-alive",
        "User-Agent": "azsdk-js-container-registry/1.1.0-beta.3 core-rest-pipeline/1.10.2 Node/v16.19.0 OS/(x64-Linux-5.10.102.1-microsoft-standard-WSL2)",
        "x-ms-client-request-id": "c4c4e7ab-b771-4109-b33e-f167873775df"
      },
      "RequestBody": null,
      "StatusCode": 200,
      "ResponseHeaders": {
        "Access-Control-Expose-Headers": [
          "Docker-Content-Digest",
          "WWW-Authenticate",
          "Link",
          "X-Ms-Correlation-Request-Id"
        ],
        "Connection": "keep-alive",
        "Content-Length": "1869",
        "Content-Type": "application/json; charset=utf-8",
        "Date": "Thu, 02 Mar 2023 23:16:55 GMT",
        "Docker-Distribution-Api-Version": "registry/2.0",
        "Server": "openresty",
        "Strict-Transport-Security": [
          "max-age=31536000; includeSubDomains",
          "max-age=31536000; includeSubDomains"
        ],
        "X-Content-Type-Options": "nosniff",
        "X-Ms-Correlation-Request-Id": "329904b4-9280-4161-b6a8-abcb26f9c448"
      },
      "ResponseBody": {
        "registry": "myregistry.azurecr.io",
        "imageName": "library/hello-world",
        "manifest": {
          "digest": "sha256:6e8b6f026e0b9c419ea0fd02d3905dd0952ad1feea67543f525c73a0a790fefb",
          "imageSize": 228854998,
          "createdTime": "2023-02-28T18:36:41.0969186Z",
          "lastUpdateTime": "2023-02-28T18:36:41.0969186Z",
          "mediaType": "application/vnd.docker.distribution.manifest.list.v2\u002Bjson",
          "tags": [
            "latest",
            "test-delete",
            "test1",
            "v1",
            "v2",
            "v3",
            "v4"
          ],
          "changeableAttributes": {
            "deleteEnabled": true,
            "writeEnabled": true,
            "readEnabled": true,
            "listEnabled": true
          },
          "references": [
            {
              "digest": "sha256:f54a58bc1aac5ea1a25d796ae155dc228b3f0e11d046ae276b39c4bf2f13d8c4",
              "architecture": "amd64",
              "os": "linux"
            },
            {
              "digest": "sha256:7b8b7289d0536a08eabdf71c20246e23f7116641db7e1d278592236ea4dcb30c",
              "architecture": "arm",
              "os": "linux"
            },
            {
              "digest": "sha256:40d0cfd0861719208ff9f7747ab3f97844eeca509df705db44a736df863b76af",
              "architecture": "arm",
              "os": "linux"
            },
            {
              "digest": "sha256:432f982638b3aefab73cc58ab28f5c16e96fdb504e8c134fc58dff4bae8bf338",
              "architecture": "arm64",
              "os": "linux"
            },
            {
              "digest": "sha256:995efde2e81b21d1ea7066aa77a59298a62a9e9fbb4b77f36c189774ec9b1089",
              "architecture": "386",
              "os": "linux"
            },
            {
              "digest": "sha256:eb11b1a194ff8e236a01eff392c4e1296a53b0fb4780d8b0382f7996a15d5392",
              "architecture": "mips64le",
              "os": "linux"
            },
            {
              "digest": "sha256:b836bb24a270b9cc935962d8228517fde0f16990e88893d935efcb1b14c0017a",
              "architecture": "ppc64le",
              "os": "linux"
            },
            {
              "digest": "sha256:98c9722322be649df94780d3fbe594fce7996234b259f27eac9428b84050c849",
              "architecture": "riscv64",
              "os": "linux"
            },
            {
              "digest": "sha256:c7b6944911848ce39b44ed660d95fb54d69bbd531de724c7ce6fc9f743c0b861",
              "architecture": "s390x",
              "os": "linux"
            },
            {
              "digest": "sha256:660408e6ce09363b7dc1a30b210e1888bfa4ff7342e7d69e87463d184dc0cbad",
              "architecture": "amd64",
              "os": "windows"
            },
            {
              "digest": "sha256:f01c39d7dc9bff6475b855fe3a94a5233955696b3b8090222807010230a553c6",
              "architecture": "amd64",
              "os": "windows"
            }
          ]
        }
      }
    }
  ],
  "Variables": {}
}
