{
  "Entries": [
    {
      "RequestUri": "https://myregistry.azurecr.io/v2/library%2Fhello-world/manifests/sha256%3Ae6c1c9dcc9c45a3dbfa654f8c8fad5c91529c137c1e2f6eb0995931c0aa74d99",
      "RequestMethod": "PUT",
      "RequestHeaders": {
        "Accept": "application/json",
        "Accept-Encoding": "gzip,deflate",
        "Connection": "keep-alive",
        "Content-Length": "435",
        "Content-Type": "application/vnd.docker.distribution.manifest.v2\u002Bjson",
        "User-Agent": "azsdk-js-container-registry/1.1.0-beta.3 core-rest-pipeline/1.10.2 Node/v16.19.0 OS/(x64-Linux-5.10.102.1-microsoft-standard-WSL2)",
        "x-ms-client-request-id": "980ee234-57c2-402f-b534-1cac30fec258"
      },
      "RequestBody": {
        "config": {
          "mediaType": "application/vnd.docker.container.image.v1\u002Bjson",
          "size": 1469,
          "digest": "sha256:feb5d9fea6a5e9606aa995e879d862b825965ba48de054caab5ef356dc6b3412"
        },
        "layers": [
          {
            "mediaType": "application/vnd.docker.image.rootfs.diff.tar.gzip",
            "size": 2479,
            "digest": "sha256:2db29710123e3e53a794f2694094b9b4338aa9ee5c40b930cb8063a1be392c54"
          }
        ],
        "schemaVersion": 2,
        "mediaType": "application/vnd.docker.distribution.manifest.v2\u002Bjson"
      },
      "StatusCode": 401,
      "ResponseHeaders": {
        "Access-Control-Expose-Headers": [
          "Docker-Content-Digest",
          "WWW-Authenticate",
          "Link",
          "X-Ms-Correlation-Request-Id"
        ],
        "Connection": "keep-alive",
        "Content-Length": "280",
        "Content-Type": "application/json; charset=utf-8",
        "Date": "Thu, 02 Mar 2023 21:30:54 GMT",
        "Docker-Distribution-Api-Version": "registry/2.0",
        "Server": "openresty",
        "Strict-Transport-Security": [
          "max-age=31536000; includeSubDomains",
          "max-age=31536000; includeSubDomains"
        ],
        "WWW-Authenticate": "Bearer realm=\u0022https://myregistry.azurecr.io/oauth2/token\u0022,service=\u0022myregistry.azurecr.io\u0022,scope=\u0022repository:library/hello-world:pull,push\u0022",
        "X-Content-Type-Options": "nosniff",
        "X-Ms-Correlation-Request-Id": "fda8108b-4095-495a-885a-79c0cd902f02"
      },
      "ResponseBody": {
        "errors": [
          {
            "code": "UNAUTHORIZED",
            "message": "authentication required, visit https://aka.ms/acr/authorization for more information.",
            "detail": [
              {
                "Type": "repository",
                "Name": "library/hello-world",
                "Action": "pull"
              },
              {
                "Type": "repository",
                "Name": "library/hello-world",
                "Action": "push"
              }
            ]
          }
        ]
      }
    },
    {
      "RequestUri": "https://myregistry.azurecr.io/oauth2/exchange?api-version=2021-07-01",
      "RequestMethod": "POST",
      "RequestHeaders": {
        "Accept": "application/json",
        "Accept-Encoding": "gzip,deflate",
        "Connection": "keep-alive",
        "Content-Length": "84",
        "Content-Type": "application/x-www-form-urlencoded",
        "User-Agent": "azsdk-js-container-registry/1.1.0-beta.3 core-rest-pipeline/1.10.2 Node/v16.19.0 OS/(x64-Linux-5.10.102.1-microsoft-standard-WSL2)",
        "x-ms-client-request-id": "7f8e4b66-ce75-41d4-9197-37e08110ab27"
      },
      "RequestBody": "grant_type=access_token\u0026service=myregistry.azurecr.io\u0026access_token=SecretPlaceholder",
      "StatusCode": 200,
      "ResponseHeaders": {
        "Connection": "keep-alive",
        "Content-Type": "application/json; charset=utf-8",
        "Date": "Thu, 02 Mar 2023 21:30:54 GMT",
        "Server": "openresty",
        "Strict-Transport-Security": "max-age=31536000; includeSubDomains",
        "Transfer-Encoding": "chunked",
        "X-Ms-Correlation-Request-Id": "a42f397f-0b55-41cc-af5d-86135d4a06f7",
        "x-ms-ratelimit-remaining-calls-per-second": "166.466667"
      },
      "ResponseBody": {
        "refresh_token": "sanitized.eyJleHAiOjg2NDAwMDAwMDAwMDB9.sanitized"
      }
    },
    {
      "RequestUri": "https://myregistry.azurecr.io/oauth2/token?api-version=2021-07-01",
      "RequestMethod": "POST",
      "RequestHeaders": {
        "Accept": "application/json",
        "Accept-Encoding": "gzip,deflate",
        "Connection": "keep-alive",
        "Content-Length": "172",
        "Content-Type": "application/x-www-form-urlencoded",
        "User-Agent": "azsdk-js-container-registry/1.1.0-beta.3 core-rest-pipeline/1.10.2 Node/v16.19.0 OS/(x64-Linux-5.10.102.1-microsoft-standard-WSL2)",
        "x-ms-client-request-id": "eb337f02-ce24-4b57-b880-d609f359a5b1"
      },
      "RequestBody": "service=myregistry.azurecr.io\u0026scope=repository%3Alibrary%2Fhello-world%3Apull%2Cpush\u0026refresh_token=sanitized.eyJleHAiOjg2NDAwMDAwMDAwMDB9.sanitized\u0026grant_type=refresh_token",
      "StatusCode": 200,
      "ResponseHeaders": {
        "Connection": "keep-alive",
        "Content-Type": "application/json; charset=utf-8",
        "Date": "Thu, 02 Mar 2023 21:30:54 GMT",
        "Server": "openresty",
        "Strict-Transport-Security": "max-age=31536000; includeSubDomains",
        "Transfer-Encoding": "chunked",
        "X-Ms-Correlation-Request-Id": "6a34cf45-bbb6-4d7e-bd7f-89212ce00a9e",
        "x-ms-ratelimit-remaining-calls-per-second": "166.45"
      },
      "ResponseBody": {
        "access_token": "Sanitized"
      }
    },
    {
      "RequestUri": "https://myregistry.azurecr.io/v2/library%2Fhello-world/manifests/sha256%3Ae6c1c9dcc9c45a3dbfa654f8c8fad5c91529c137c1e2f6eb0995931c0aa74d99",
      "RequestMethod": "PUT",
      "RequestHeaders": {
        "Accept": "application/json",
        "Accept-Encoding": "gzip,deflate",
        "Authorization": "Sanitized",
        "Connection": "keep-alive",
        "Content-Length": "435",
        "Content-Type": "application/vnd.docker.distribution.manifest.v2\u002Bjson",
        "User-Agent": "azsdk-js-container-registry/1.1.0-beta.3 core-rest-pipeline/1.10.2 Node/v16.19.0 OS/(x64-Linux-5.10.102.1-microsoft-standard-WSL2)",
        "x-ms-client-request-id": "980ee234-57c2-402f-b534-1cac30fec258"
      },
      "RequestBody": {
        "config": {
          "mediaType": "application/vnd.docker.container.image.v1\u002Bjson",
          "size": 1469,
          "digest": "sha256:feb5d9fea6a5e9606aa995e879d862b825965ba48de054caab5ef356dc6b3412"
        },
        "layers": [
          {
            "mediaType": "application/vnd.docker.image.rootfs.diff.tar.gzip",
            "size": 2479,
            "digest": "sha256:2db29710123e3e53a794f2694094b9b4338aa9ee5c40b930cb8063a1be392c54"
          }
        ],
        "schemaVersion": 2,
        "mediaType": "application/vnd.docker.distribution.manifest.v2\u002Bjson"
      },
      "StatusCode": 201,
      "ResponseHeaders": {
        "Access-Control-Expose-Headers": [
          "Docker-Content-Digest",
          "WWW-Authenticate",
          "Link",
          "X-Ms-Correlation-Request-Id"
        ],
        "Connection": "keep-alive",
        "Content-Length": "0",
        "Date": "Thu, 02 Mar 2023 21:30:55 GMT",
        "Docker-Content-Digest": "sha256:e6c1c9dcc9c45a3dbfa654f8c8fad5c91529c137c1e2f6eb0995931c0aa74d99",
        "Docker-Distribution-Api-Version": "registry/2.0",
        "Location": "/v2/library/hello-world/manifests/sha256:e6c1c9dcc9c45a3dbfa654f8c8fad5c91529c137c1e2f6eb0995931c0aa74d99",
        "Server": "openresty",
        "Strict-Transport-Security": [
          "max-age=31536000; includeSubDomains",
          "max-age=31536000; includeSubDomains"
        ],
        "X-Content-Type-Options": "nosniff",
        "X-Ms-Client-Request-Id": "980ee234-57c2-402f-b534-1cac30fec258",
        "X-Ms-Correlation-Request-Id": "3e5212db-f086-4862-9b76-a86399c178b8",
        "X-Ms-Request-Id": "87d29288-309e-4df8-a667-37319cc239e7"
      },
      "ResponseBody": null
    },
    {
      "RequestUri": "https://myregistry.azurecr.io/v2/library%2Fhello-world/manifests/sha256%3Ae6c1c9dcc9c45a3dbfa654f8c8fad5c91529c137c1e2f6eb0995931c0aa74d99",
      "RequestMethod": "PUT",
      "RequestHeaders": {
        "Accept": "application/json",
        "Accept-Encoding": "gzip,deflate",
        "Authorization": "Sanitized",
        "Connection": "keep-alive",
        "Content-Length": "435",
        "Content-Type": "application/vnd.oci.image.manifest.v1\u002Bjson",
        "User-Agent": "azsdk-js-container-registry/1.1.0-beta.3 core-rest-pipeline/1.10.2 Node/v16.19.0 OS/(x64-Linux-5.10.102.1-microsoft-standard-WSL2)",
        "x-ms-client-request-id": "a40e084a-76db-4bf9-96c7-e54482b2b565"
      },
      "RequestBody": {
        "config": {
          "mediaType": "application/vnd.docker.container.image.v1\u002Bjson",
          "size": 1469,
          "digest": "sha256:feb5d9fea6a5e9606aa995e879d862b825965ba48de054caab5ef356dc6b3412"
        },
        "layers": [
          {
            "mediaType": "application/vnd.docker.image.rootfs.diff.tar.gzip",
            "size": 2479,
            "digest": "sha256:2db29710123e3e53a794f2694094b9b4338aa9ee5c40b930cb8063a1be392c54"
          }
        ],
        "schemaVersion": 2,
        "mediaType": "application/vnd.docker.distribution.manifest.v2\u002Bjson"
      },
      "StatusCode": 400,
      "ResponseHeaders": {
        "Access-Control-Expose-Headers": [
          "Docker-Content-Digest",
          "WWW-Authenticate",
          "Link",
          "X-Ms-Correlation-Request-Id"
        ],
        "Connection": "keep-alive",
        "Content-Length": "93",
        "Content-Type": "application/json; charset=utf-8",
        "Date": "Thu, 02 Mar 2023 21:30:55 GMT",
        "Docker-Distribution-Api-Version": "registry/2.0",
        "Server": "openresty",
        "Strict-Transport-Security": [
          "max-age=31536000; includeSubDomains",
          "max-age=31536000; includeSubDomains"
        ],
        "X-Content-Type-Options": "nosniff",
        "X-Ms-Client-Request-Id": "a40e084a-76db-4bf9-96c7-e54482b2b565",
        "X-Ms-Correlation-Request-Id": "e84d412d-c132-4464-bcf9-720bd6aa51f5",
        "X-Ms-Request-Id": "a03994de-af11-4a72-a3dc-d281aaf1ea5a"
      },
      "ResponseBody": {
        "errors": [
          {
            "code": "MANIFEST_INVALID",
            "message": "manifest invalid",
            "detail": {
              "Reason": {}
            }
          }
        ]
      }
    }
  ],
  "Variables": {}
}
