{
  "Entries": [
    {
      "RequestUri": "https://endpoint/sip?api-version=2022-09-01-preview",
      "RequestMethod": "GET",
      "RequestHeaders": {
        "Accept": "application/json",
        "Accept-Encoding": "gzip,deflate",
        "Authorization": "Sanitized",
        "Connection": "keep-alive",
        "User-Agent": "azsdk-js-communication-phone-numbers/1.2.0-beta.5 core-rest-pipeline/1.10.1 Node/v16.16.0 OS/(x64-Windows_NT-10.0.22621)",
        "x-ms-client-request-id": "sanitized",
        "x-ms-content-sha256": "47DEQpj8HBSa\u002B/TImW\u002B5JCeuQeRkm5NMpJWZG3hSuFU=",
        "x-ms-date": "Sat, 17 Dec 2022 13:24:19 GMT",
        "x-ms-useragent": "fake-useragent"
      },
      "RequestBody": null,
      "StatusCode": 200,
      "ResponseHeaders": {
        "api-supported-versions": "2021-05-01-preview, 2022-09-01-preview",
        "Content-Type": "application/json; charset=utf-8",
        "Date": "Sat, 17 Dec 2022 13:21:39 GMT",
        "MS-CV": "FZMmis3f1USsslb8dIpepw.0",
        "Strict-Transport-Security": "max-age=2592000",
        "Transfer-Encoding": "chunked",
        "X-Azure-Ref": "0ZMKdYwAAAAB/kShYNXr1SImY6AVDYWZXQlVFMzBFREdFMDIxNQA5ZmM3YjUxOS1hOGNjLTRmODktOTM1ZS1jOTE0OGFlMDllODE=",
        "X-Cache": "CONFIG_NOCACHE",
        "X-Processing-Time": "97ms"
      },
      "ResponseBody": {
        "domains": {},
        "trunks": {},
        "routes": []
      }
    },
    {
      "RequestUri": "https://endpoint/sip?api-version=2022-09-01-preview",
      "RequestMethod": "PATCH",
      "RequestHeaders": {
        "Accept": "application/json",
        "Accept-Encoding": "gzip,deflate",
        "Authorization": "Sanitized",
        "Connection": "keep-alive",
        "Content-Length": "184",
        "Content-Type": "application/merge-patch\u002Bjson",
        "User-Agent": "azsdk-js-communication-phone-numbers/1.2.0-beta.5 core-rest-pipeline/1.10.1 Node/v16.16.0 OS/(x64-Windows_NT-10.0.22621)",
        "x-ms-client-request-id": "sanitized",
        "x-ms-content-sha256": "VYdeapWiLQTo\u002Bxr\u002BBLEELmetE75hAs/ly9N/7y0yTzQ=",
        "x-ms-date": "Sat, 17 Dec 2022 13:24:19 GMT",
        "x-ms-useragent": "fake-useragent"
      },
      "RequestBody": {
        "trunks": {
          "test.18d6b62291fc45eb9be9e81c212e0650.com": {
            "sipSignalingPort": 8239,
            "enabled": false
          },
          "test.b291263ba6454ab4a2d43295ddf6125d.com": {
            "sipSignalingPort": 7348,
            "enabled": false
          }
        }
      },
      "StatusCode": 200,
      "ResponseHeaders": {
        "api-supported-versions": "2021-05-01-preview, 2022-09-01-preview",
        "Content-Type": "application/json; charset=utf-8",
        "Date": "Sat, 17 Dec 2022 13:21:40 GMT",
        "MS-CV": "WjHjHlgnVUehQ7eWJFzs6w.0",
        "Strict-Transport-Security": "max-age=2592000",
        "Transfer-Encoding": "chunked",
        "X-Azure-Ref": "0ZMKdYwAAAABAgNBYesaWR6iYQktOLEbjQlVFMzBFREdFMDIxNQA5ZmM3YjUxOS1hOGNjLTRmODktOTM1ZS1jOTE0OGFlMDllODE=",
        "X-Cache": "CONFIG_NOCACHE",
        "X-Processing-Time": "465ms"
      },
      "ResponseBody": {
        "domains": {},
        "trunks": {
          "test.18d6b62291fc45eb9be9e81c212e0650.com": {
            "enabled": false,
            "sipSignalingPort": 8239
          },
          "test.b291263ba6454ab4a2d43295ddf6125d.com": {
            "enabled": false,
            "sipSignalingPort": 7348
          }
        },
        "routes": []
      }
    },
    {
      "RequestUri": "https://endpoint/sip?api-version=2022-09-01-preview",
      "RequestMethod": "GET",
      "RequestHeaders": {
        "Accept": "application/json",
        "Accept-Encoding": "gzip,deflate",
        "Authorization": "Sanitized",
        "Connection": "keep-alive",
        "User-Agent": "azsdk-js-communication-phone-numbers/1.2.0-beta.5 core-rest-pipeline/1.10.1 Node/v16.16.0 OS/(x64-Windows_NT-10.0.22621)",
        "x-ms-client-request-id": "sanitized",
        "x-ms-content-sha256": "47DEQpj8HBSa\u002B/TImW\u002B5JCeuQeRkm5NMpJWZG3hSuFU=",
        "x-ms-date": "Sat, 17 Dec 2022 13:24:20 GMT",
        "x-ms-useragent": "fake-useragent"
      },
      "RequestBody": null,
      "StatusCode": 200,
      "ResponseHeaders": {
        "api-supported-versions": "2021-05-01-preview, 2022-09-01-preview",
        "Content-Type": "application/json; charset=utf-8",
        "Date": "Sat, 17 Dec 2022 13:21:40 GMT",
        "MS-CV": "pcSK4fXxOkGFz391KJ9uqw.0",
        "Strict-Transport-Security": "max-age=2592000",
        "Transfer-Encoding": "chunked",
        "X-Azure-Ref": "0ZcKdYwAAAAD8Bd4NjpvVSp57YO1tJiyIQlVFMzBFREdFMDIxNQA5ZmM3YjUxOS1hOGNjLTRmODktOTM1ZS1jOTE0OGFlMDllODE=",
        "X-Cache": "CONFIG_NOCACHE",
        "X-Processing-Time": "84ms"
      },
      "ResponseBody": {
        "domains": {},
        "trunks": {
          "test.18d6b62291fc45eb9be9e81c212e0650.com": {
            "enabled": false,
            "sipSignalingPort": 8239
          },
          "test.b291263ba6454ab4a2d43295ddf6125d.com": {
            "enabled": false,
            "sipSignalingPort": 7348
          }
        },
        "routes": []
      }
    },
    {
      "RequestUri": "https://endpoint/sip?api-version=2022-09-01-preview",
      "RequestMethod": "PATCH",
      "RequestHeaders": {
        "Accept": "application/json",
        "Accept-Encoding": "gzip,deflate",
        "Authorization": "Sanitized",
        "Connection": "keep-alive",
        "Content-Length": "110",
        "Content-Type": "application/merge-patch\u002Bjson",
        "User-Agent": "azsdk-js-communication-phone-numbers/1.2.0-beta.5 core-rest-pipeline/1.10.1 Node/v16.16.0 OS/(x64-Windows_NT-10.0.22621)",
        "x-ms-client-request-id": "sanitized",
        "x-ms-content-sha256": "KecXLLCDQSG1Aj0STLy7jxPZuYSqzCfQbp6FE/E9Us0=",
        "x-ms-date": "Sat, 17 Dec 2022 13:24:20 GMT",
        "x-ms-useragent": "fake-useragent"
      },
      "RequestBody": {
        "trunks": {
          "test.18d6b62291fc45eb9be9e81c212e0650.com": null,
          "test.b291263ba6454ab4a2d43295ddf6125d.com": null
        }
      },
      "StatusCode": 200,
      "ResponseHeaders": {
        "api-supported-versions": "2021-05-01-preview, 2022-09-01-preview",
        "Content-Type": "application/json; charset=utf-8",
        "Date": "Sat, 17 Dec 2022 13:21:40 GMT",
        "MS-CV": "q\u002BOxmqE8Z0m\u002BCr44iCYbaw.0",
        "Strict-Transport-Security": "max-age=2592000",
        "Transfer-Encoding": "chunked",
        "X-Azure-Ref": "0ZcKdYwAAAAAF87Roa5/SSoKhG4qV5iDiQlVFMzBFREdFMDIxNQA5ZmM3YjUxOS1hOGNjLTRmODktOTM1ZS1jOTE0OGFlMDllODE=",
        "X-Cache": "CONFIG_NOCACHE",
        "X-Processing-Time": "265ms"
      },
      "ResponseBody": {
        "domains": {},
        "trunks": {},
        "routes": []
      }
    },
    {
      "RequestUri": "https://endpoint/sip?api-version=2022-09-01-preview",
      "RequestMethod": "GET",
      "RequestHeaders": {
        "Accept": "application/json",
        "Accept-Encoding": "gzip,deflate",
        "Authorization": "Sanitized",
        "Connection": "keep-alive",
        "User-Agent": "azsdk-js-communication-phone-numbers/1.2.0-beta.5 core-rest-pipeline/1.10.1 Node/v16.16.0 OS/(x64-Windows_NT-10.0.22621)",
        "x-ms-client-request-id": "sanitized",
        "x-ms-content-sha256": "47DEQpj8HBSa\u002B/TImW\u002B5JCeuQeRkm5NMpJWZG3hSuFU=",
        "x-ms-date": "Sat, 17 Dec 2022 13:24:20 GMT",
        "x-ms-useragent": "fake-useragent"
      },
      "RequestBody": null,
      "StatusCode": 200,
      "ResponseHeaders": {
        "api-supported-versions": "2021-05-01-preview, 2022-09-01-preview",
        "Content-Type": "application/json; charset=utf-8",
        "Date": "Sat, 17 Dec 2022 13:21:41 GMT",
        "MS-CV": "STaQJTWAukOpUUGZIbSDNQ.0",
        "Strict-Transport-Security": "max-age=2592000",
        "Transfer-Encoding": "chunked",
        "X-Azure-Ref": "0ZcKdYwAAAAAsIk\u002BfzQ53Rok3CzK\u002BaAymQlVFMzBFREdFMDIxNQA5ZmM3YjUxOS1hOGNjLTRmODktOTM1ZS1jOTE0OGFlMDllODE=",
        "X-Cache": "CONFIG_NOCACHE",
        "X-Processing-Time": "91ms"
      },
      "ResponseBody": {
        "domains": {},
        "trunks": {},
        "routes": []
      }
    }
  ],
  "Variables": {
    "fqdn-1": "test.18d6b62291fc45eb9be9e81c212e0650.com",
    "fqdn-2": "test.b291263ba6454ab4a2d43295ddf6125d.com"
  }
}
